// Vitest Snapshot v1, https://vitest.dev/guide/snapshot.html

exports[`declarative throttle matrix (S1-VV-05) > snapshots method+path → policy so a silent matrix drift fails CI 1`] = `
{
  "DELETE /admin/blocked-words/:id": "role.superAdmin",
  "DELETE /signals/disconnect/:sourceId": "signals.connect",
  "DELETE /users/me/education/:id": "role.student",
  "DELETE /users/me/education/:id/documents/:documentId": "role.student",
  "DELETE /users/me/languages/:id": "role.student",
  "DELETE /users/me/work-experiences/:id": "role.student",
  "DELETE /users/me/work-experiences/:id/documents/:documentId": "role.student",
  "GET /admin/ai-health": "role.superAdmin",
  "GET /admin/ai-usage": "role.superAdmin",
  "GET /admin/audit-logs": "role.superAdmin",
  "GET /admin/blocked-words": "role.superAdmin",
  "GET /admin/candidate-certificates/queue": "read.adminQueue",
  "GET /admin/companies": "role.superAdmin",
  "GET /admin/companies/:companyId": "role.superAdmin",
  "GET /admin/companies/:companyId/entitlements": "role.superAdmin",
  "GET /admin/corroboration/review-flags": "corroboration.adminFlags",
  "GET /admin/dashboard": "role.superAdmin",
  "GET /admin/feature-flag-overrides": "role.superAdmin",
  "GET /admin/feature-flags": "role.superAdmin",
  "GET /admin/institutions": "role.superAdmin",
  "GET /admin/institutions/:institutionId": "role.superAdmin",
  "GET /admin/institutions/:institutionId/admins": "role.superAdmin",
  "GET /admin/institutions/:institutionId/entitlements": "role.superAdmin",
  "GET /admin/institutions/:institutionId/students": "role.superAdmin",
  "GET /admin/integrity-queue": "role.superAdmin",
  "GET /admin/plans": "role.superAdmin",
  "GET /admin/platform-admins": "role.superAdmin",
  "GET /admin/platform-health": "role.superAdmin",
  "GET /admin/project-review-queue": "role.superAdmin",
  "GET /admin/students/search": "role.superAdmin",
  "GET /admin/verification-queue": "role.superAdmin",
  "GET /analytics/cohort-readiness": "role.institutionAdmin",
  "GET /analytics/correlation": "role.institutionAdmin",
  "GET /analytics/gap-report": "role.institutionAdmin",
  "GET /assessment/:attemptId/next-item": "role.student",
  "GET /assessment/:attemptId/session": "role.student",
  "GET /assessment/cert-verify/:sessionId": "assessment.skillClaim",
  "GET /assessment/sandbox/:jobId": "role.student",
  "GET /assessment/skill-claims": "assessment.skillClaim",
  "GET /assessment/skill-verify/:sessionId": "assessment.skillClaim",
  "GET /auth/invitations/:token": "auth.invite",
  "GET /calibration/cut-scores/:trackCode": "role.institutionAdmin",
  "GET /candidate-certificates": "role.student",
  "GET /candidate-certificates/:id": "role.student",
  "GET /candidate-certificates/:id/verification/events": "role.student",
  "GET /catalog/career-domains": "role.public",
  "GET /catalog/readiness": "role.institutionAdmin",
  "GET /catalog/skills": "role.public",
  "GET /catalog/skills/:skillCode/blueprint": "role.public",
  "GET /catalog/skills/se-v1": "role.public",
  "GET /catalog/target-roles": "role.public",
  "GET /catalog/target-roles/:roleId/recommended-skills": "role.public",
  "GET /catalog/tracks": "role.public",
  "GET /catalog/tracks/:trackCode": "role.public",
  "GET /certificate-endorsements/:token": "verify.certificateEndorsement",
  "GET /certificates/:certificateId/pdf": "role.student",
  "GET /certificates/mine": "role.student",
  "GET /corroboration/me": "corroboration.read",
  "GET /evaluation/cognitive-profile": "role.student",
  "GET /evaluation/results/:attemptId": "role.student",
  "GET /me/applications": "placement.application",
  "GET /me/notifications": "role.student",
  "GET /placement/applications/:applicationId/confidence": "placement.application",
  "GET /placement/openings": "role.placementStaff",
  "GET /placement/openings/:openingId": "role.placementStaff",
  "GET /placement/openings/:openingId/applications": "role.placementStaff",
  "GET /proctoring/:attemptId/blob": "proctoring.telemetry",
  "GET /proctoring/:attemptId/nonce": "proctoring.telemetry",
  "GET /proctoring/:attemptId/onboarding": "proctoring.media",
  "GET /proctoring/:attemptId/snapshot": "proctoring.telemetry",
  "GET /projects": "role.student",
  "GET /projects/:projectId": "role.student",
  "GET /projects/github/repos": "projects.github",
  "GET /projects/github/status": "projects.github",
  "GET /public/candidates/:slug": "verify.publicProfile",
  "GET /signals/connections": "signals.connections.read",
  "GET /student/entitlements": "role.student",
  "GET /student/growth-report": "role.student",
  "GET /tpo/batches": "role.institutionAdmin",
  "GET /tpo/batches/:batchId": "role.institutionAdmin",
  "GET /tpo/batches/:batchId/import-template": "role.institutionAdmin",
  "GET /tpo/batches/:batchId/members": "role.institutionAdmin",
  "GET /tpo/entitlements": "role.institutionAdmin",
  "GET /tpo/shortlist": "role.placementStaff",
  "GET /tpo/shortlist/export": "role.placementStaff",
  "GET /tpo/students": "role.institutionAdmin",
  "GET /users/me": "role.student",
  "GET /users/me/credentials": "role.student",
  "GET /users/me/education": "role.student",
  "GET /users/me/education/:id": "role.student",
  "GET /users/me/evidence": "role.student",
  "GET /users/me/evidence-profile": "role.student",
  "GET /users/me/evidence/:id": "role.student",
  "GET /users/me/languages": "role.student",
  "GET /users/me/languages/:id": "role.student",
  "GET /users/me/onboarding": "role.student",
  "GET /users/me/onboarding/linkedin/oauth-url": "role.student",
  "GET /users/me/passive-signals": "role.student",
  "GET /users/me/projects/:id/skill-mappings": "role.student",
  "GET /users/me/public-profile": "role.student",
  "GET /users/me/public-profile-link": "role.student",
  "GET /users/me/resume": "role.student",
  "GET /users/me/username": "role.student",
  "GET /users/me/visibility": "role.student",
  "GET /users/me/work-experiences": "role.student",
  "GET /users/me/work-experiences/:id": "role.student",
  "GET /users/me/work-experiences/:id/responsibilities": "role.student",
  "GET /users/me/work-experiences/ops-dashboard": "role.placementStaff",
  "GET /users/onboarding/linkedin/callback": "role.public",
  "GET /users/work-experiences/manager-survey/:token": "verify.workExperience",
  "GET /users/work-experiences/verify-token/:token": "verify.workExperience",
  "GET /verify/:certificateId": "verify.certificate",
  "PATCH /admin/companies/:companyId": "role.superAdmin",
  "PATCH /admin/institutions/:institutionId": "role.superAdmin",
  "PATCH /admin/plans/:planId/capacity": "role.superAdmin",
  "PATCH /admin/plans/:planId/entitlements": "role.superAdmin",
  "PATCH /candidate-certificates/:id": "role.student",
  "PATCH /certificates/:certificateId/visibility": "role.student",
  "PATCH /me/notifications/:notificationId/read": "role.student",
  "PATCH /placement/applications/:applicationId/stage": "placement.application",
  "PATCH /tpo/batches/:batchId": "role.institutionAdmin",
  "PATCH /users/me/evidence-profile/onboarding-selection": "role.student",
  "PATCH /users/me/evidence/:id": "role.student",
  "PATCH /users/me/projects/:id/skill-mappings": "role.student",
  "PATCH /users/me/work-experiences/:id/responsibilities": "role.student",
  "POST /admin/api-keys": "role.superAdmin",
  "POST /admin/blocked-words": "role.superAdmin",
  "POST /admin/candidate-certificates/:id/approve": "write.adminAction",
  "POST /admin/candidate-certificates/:id/void": "role.superAdmin",
  "POST /admin/companies": "role.superAdmin",
  "POST /admin/companies/:companyId/deactivate": "role.superAdmin",
  "POST /admin/companies/:companyId/hold": "role.superAdmin",
  "POST /admin/companies/:companyId/release-hold": "role.superAdmin",
  "POST /admin/companies/:companyId/restore": "role.superAdmin",
  "POST /admin/corroboration/review-flags/:id/resolve": "corroboration.adminFlags",
  "POST /admin/institutions": "role.superAdmin",
  "POST /admin/institutions/:institutionId/admins": "role.superAdmin",
  "POST /admin/institutions/:institutionId/deactivate": "role.superAdmin",
  "POST /admin/institutions/:institutionId/hold": "role.superAdmin",
  "POST /admin/institutions/:institutionId/release-hold": "role.superAdmin",
  "POST /admin/institutions/:institutionId/restore": "role.superAdmin",
  "POST /admin/integrity-queue/:attemptId/resolve": "role.superAdmin",
  "POST /admin/invitations/:invitationId/resend": "role.superAdmin",
  "POST /admin/platform-admins": "role.superAdmin",
  "POST /admin/project-review-queue/:projectId/resolve": "role.superAdmin",
  "POST /admin/students/:userId/hold": "role.superAdmin",
  "POST /admin/students/:userId/profile": "role.superAdmin",
  "POST /admin/students/:userId/release-hold": "role.superAdmin",
  "POST /admin/verification-queue/:tenantId/resolve": "role.superAdmin",
  "POST /admin/webhooks": "role.institutionAdmin",
  "POST /admin/work-experience/:id/approve": "role.superAdmin",
  "POST /admin/work-experience/:id/void": "role.superAdmin",
  "POST /ai-gateway/complete": "role.superAdmin",
  "POST /assessment/candidate-certificates/:certificateId/verify/start": "evaluation.certAgenda",
  "POST /assessment/cert-verify/:sessionId/complete": "evaluation.certAgenda",
  "POST /assessment/cert-verify/:sessionId/save": "assessment.skillClaim",
  "POST /assessment/compile-l2": "assessment.compileL2",
  "POST /assessment/complete": "role.student",
  "POST /assessment/evaluate-l3-l4": "assessment.evaluateL3L4",
  "POST /assessment/integrity-event": "role.student",
  "POST /assessment/l3/upload-url": "role.student",
  "POST /assessment/next-form": "role.student",
  "POST /assessment/skill-claims": "assessment.skillClaim",
  "POST /assessment/skill-claims/:claimId/verify/start": "evaluation.skillInterview",
  "POST /assessment/skill-verify/:sessionId/complete": "evaluation.skillInterview",
  "POST /assessment/skill-verify/:sessionId/finalize-verification": "evaluation.skillInterview",
  "POST /assessment/skill-verify/:sessionId/interview/complete": "evaluation.skillInterview",
  "POST /assessment/skill-verify/:sessionId/interview/start": "evaluation.skillInterview",
  "POST /assessment/skill-verify/:sessionId/save": "assessment.skillClaim",
  "POST /assessment/start": "role.student",
  "POST /assessment/submit-l1": "assessment.submitL1",
  "POST /auth/invitations/:token/accept": "auth.invite",
  "POST /auth/login": "auth.login",
  "POST /auth/logout": "role.student",
  "POST /auth/refresh": "auth.refresh",
  "POST /auth/sso/callback": "auth.login",
  "POST /auth/sso/start": "auth.login",
  "POST /calibration/cut-scores/publish": "role.superAdmin",
  "POST /calibration/estimates": "role.superAdmin",
  "POST /calibration/panels": "role.superAdmin",
  "POST /candidate-certificates": "role.student",
  "POST /candidate-certificates/:id/agenda": "role.student",
  "POST /candidate-certificates/:id/endorsement": "role.student",
  "POST /candidate-certificates/:id/skills": "role.student",
  "POST /candidate-certificates/:id/upload": "role.student",
  "POST /certificate-endorsements/:token": "verify.certificateEndorsement",
  "POST /certificates/issue": "certificate.issue",
  "POST /defense/reply": "assessment.evaluateL3L4",
  "POST /defense/start": "assessment.evaluateL3L4",
  "POST /evaluation/cert-agenda/generate": "evaluation.certAgenda",
  "POST /evaluation/cognitive-profile/refresh": "evaluation.cognitiveProfile",
  "POST /evaluation/skill-form/grade": "evaluation.skillInterview",
  "POST /evaluation/skill-form/questions": "evaluation.skillInterview",
  "POST /evaluation/skill-form/run-code": "evaluation.skillInterview",
  "POST /evaluation/skill-interview/grade": "evaluation.skillInterview",
  "POST /evaluation/skill-interview/questions": "evaluation.skillInterview",
  "POST /placement/applications": "placement.application",
  "POST /placement/applications/:applicationId/send-to-company": "placement.application",
  "POST /placement/ingest-jd": "placement.ingestJd",
  "POST /placement/match": "placement.match",
  "POST /placement/openings": "placement.opening",
  "POST /placement/outcomes": "role.placementStaff",
  "POST /proctoring/calibrate-voice": "proctoring.media",
  "POST /proctoring/checkpoint": "proctoring.media",
  "POST /proctoring/consent": "proctoring.media",
  "POST /proctoring/enroll-face": "proctoring.media",
  "POST /proctoring/fingerprint": "proctoring.telemetry",
  "POST /proctoring/liveness": "proctoring.media",
  "POST /proctoring/ping": "proctoring.telemetry",
  "POST /proctoring/precheck": "proctoring.media",
  "POST /proctoring/violations": "proctoring.telemetry",
  "POST /projects": "projects.submit",
  "POST /signals/connect/:sourceId": "signals.connect",
  "POST /signals/refresh": "corroboration.refresh",
  "POST /tpo/batches": "role.institutionAdmin",
  "POST /tpo/batches/:batchId/invites/send": "role.institutionAdmin",
  "POST /tpo/batches/:batchId/members": "role.institutionAdmin",
  "POST /tpo/batches/:batchId/members/import": "tpo.import",
  "POST /tpo/education/:id/confirm": "role.institutionAdmin",
  "POST /tpo/education/:id/reject": "role.institutionAdmin",
  "POST /tpo/invitations/:invitationId/resend": "role.institutionAdmin",
  "POST /tpo/invitations/:invitationId/revoke": "role.institutionAdmin",
  "POST /tpo/students/:userId/hold": "role.institutionAdmin",
  "POST /tpo/students/:userId/invite-link": "role.institutionAdmin",
  "POST /tpo/students/:userId/release-hold": "role.institutionAdmin",
  "POST /users/me/credentials": "role.student",
  "POST /users/me/education": "role.student",
  "POST /users/me/education/:id/documents": "role.student",
  "POST /users/me/evidence": "role.student",
  "POST /users/me/evidence/:id/link-claim": "role.student",
  "POST /users/me/github/repo-readme": "projects.github",
  "POST /users/me/languages": "role.student",
  "POST /users/me/onboarding/complete": "role.student",
  "POST /users/me/onboarding/github/fetch-profile": "projects.github",
  "POST /users/me/onboarding/github/list-repos": "projects.github",
  "POST /users/me/onboarding/github/repo-languages": "projects.github",
  "POST /users/me/onboarding/reverse-geocode": "onboarding.geocode",
  "POST /users/me/password": "role.student",
  "POST /users/me/profile-photo": "role.student",
  "POST /users/me/resume": "role.student",
  "POST /users/me/resume/parse": "users.resumeParse",
  "POST /users/me/verification-decisions": "role.student",
  "POST /users/me/work-experiences": "role.student",
  "POST /users/me/work-experiences/:id/documents": "role.student",
  "POST /users/me/work-experiences/:id/documents/:documentId/validate": "role.student",
  "POST /users/me/work-experiences/:id/documents/upload": "role.student",
  "POST /users/me/work-experiences/:id/restart-verification": "role.student",
  "POST /users/me/work-experiences/:id/send-manager-endorsement": "role.student",
  "POST /users/me/work-experiences/:id/send-verification": "role.student",
  "POST /users/work-experiences/manager-survey/:token": "verify.workExperience",
  "POST /users/work-experiences/verify-token/:token": "verify.workExperience",
  "PUT /admin/companies/:companyId/feature-flags": "role.superAdmin",
  "PUT /admin/institutions/:institutionId/feature-flags": "role.superAdmin",
  "PUT /admin/rate-limits/:policyKey": "role.superAdmin",
  "PUT /users/me/education/:id": "role.student",
  "PUT /users/me/languages/:id": "role.student",
  "PUT /users/me/onboarding": "role.student",
  "PUT /users/me/track": "role.student",
  "PUT /users/me/username": "role.student",
  "PUT /users/me/visibility": "role.student",
  "PUT /users/me/work-experiences/:id": "role.student",
}
`;
