// Vitest Snapshot v1, https://vitest.dev/guide/snapshot.html

exports[`declarative throttle matrix (S1-VV-05) > snapshots method+path → policy so a silent matrix drift fails CI 1`] = `
{
  "GET /admin/ai-health": "role.superAdmin",
  "GET /admin/institutions": "role.superAdmin",
  "GET /admin/institutions/:institutionId": "role.superAdmin",
  "GET /admin/institutions/:institutionId/admins": "role.superAdmin",
  "GET /admin/integrity-queue": "role.superAdmin",
  "GET /admin/platform-health": "role.superAdmin",
  "GET /analytics/cohort-readiness": "role.institutionAdmin",
  "GET /analytics/correlation": "role.institutionAdmin",
  "GET /analytics/gap-report": "role.institutionAdmin",
  "GET /assessment/:attemptId/next-item": "role.student",
  "GET /assessment/:attemptId/session": "role.student",
  "GET /assessment/sandbox/:jobId": "role.student",
  "GET /auth/invitations/:token": "auth.invite",
  "GET /calibration/cut-scores/:trackCode": "role.institutionAdmin",
  "GET /catalog/readiness": "role.institutionAdmin",
  "GET /catalog/tracks": "role.public",
  "GET /catalog/tracks/:trackCode": "role.public",
  "GET /certificates/:certificateId/pdf": "role.student",
  "GET /certificates/mine": "role.student",
  "GET /evaluation/results/:attemptId": "role.student",
  "GET /student/growth-report": "role.student",
  "GET /tpo/batches": "role.institutionAdmin",
  "GET /tpo/batches/:batchId": "role.institutionAdmin",
  "GET /tpo/batches/:batchId/import-template": "role.institutionAdmin",
  "GET /tpo/batches/:batchId/members": "role.institutionAdmin",
  "GET /tpo/shortlist": "role.placementStaff",
  "GET /tpo/shortlist/export": "role.placementStaff",
  "GET /users/me": "role.student",
  "GET /verify/:certificateId": "verify.certificate",
  "PATCH /certificates/:certificateId/visibility": "role.student",
  "PATCH /tpo/batches/:batchId": "role.institutionAdmin",
  "POST /admin/api-keys": "role.superAdmin",
  "POST /admin/institutions": "role.superAdmin",
  "POST /admin/institutions/:institutionId/admins": "role.superAdmin",
  "POST /admin/integrity-queue/:attemptId/resolve": "role.superAdmin",
  "POST /admin/invitations/:invitationId/resend": "role.superAdmin",
  "POST /admin/webhooks": "role.institutionAdmin",
  "POST /assessment/compile-l2": "assessment.compileL2",
  "POST /assessment/complete": "role.student",
  "POST /assessment/evaluate-l3-l4": "assessment.evaluateL3L4",
  "POST /assessment/integrity-event": "role.student",
  "POST /assessment/l3/upload-url": "role.student",
  "POST /assessment/start": "role.student",
  "POST /assessment/submit-l1": "assessment.submitL1",
  "POST /auth/invitations/:token/accept": "auth.invite",
  "POST /auth/login": "auth.login",
  "POST /auth/logout": "role.student",
  "POST /auth/refresh": "auth.refresh",
  "POST /auth/sso/callback": "auth.login",
  "POST /auth/sso/start": "auth.login",
  "POST /calibration/cut-scores/publish": "role.superAdmin",
  "POST /calibration/estimates": "role.superAdmin",
  "POST /calibration/panels": "role.superAdmin",
  "POST /certificates/issue": "certificate.issue",
  "POST /defense/reply": "assessment.evaluateL3L4",
  "POST /defense/start": "assessment.evaluateL3L4",
  "POST /placement/ingest-jd": "placement.ingestJd",
  "POST /placement/match": "placement.match",
  "POST /placement/outcomes": "role.placementStaff",
  "POST /tpo/batches": "role.institutionAdmin",
  "POST /tpo/batches/:batchId/invites/send": "role.institutionAdmin",
  "POST /tpo/batches/:batchId/members": "role.institutionAdmin",
  "POST /tpo/batches/:batchId/members/import": "tpo.import",
  "POST /tpo/invitations/:invitationId/resend": "role.institutionAdmin",
  "PUT /admin/rate-limits/:policyKey": "role.superAdmin",
  "PUT /users/me/track": "role.student",
}
`;
