// Vitest Snapshot v1, https://vitest.dev/guide/snapshot.html

exports[`declarative throttle matrix (S1-VV-05) > snapshots method+path → policy so a silent matrix drift fails CI 1`] = `
{
  "DELETE /admin/blocked-words/:id": "role.superAdmin",
  "DELETE /blocks/:userId": "role.student",
  "DELETE /conversations/:id/messages/:messageId": "role.student",
  "DELETE /placement/saved-candidates/:studentId": "role.placementStaff",
  "DELETE /public/company/onboarding/sessions/:sessionToken/documents/:documentId": "company.onboarding.documentDelete",
  "DELETE /signals/disconnect/:sourceId": "signals.connect",
  "DELETE /student/hidden-jobs/:jobId": "role.student",
  "DELETE /student/saved-jobs/:jobId": "role.student",
  "DELETE /users/me/education/:id": "role.student",
  "DELETE /users/me/education/:id/documents/:documentId": "role.student",
  "DELETE /users/me/languages/:id": "role.student",
  "DELETE /users/me/resume": "role.student",
  "DELETE /users/me/work-experiences/:id": "role.student",
  "DELETE /users/me/work-experiences/:id/documents/:documentId": "role.student",
  "GET /admin/ai-audit-logs": "role.superAdmin",
  "GET /admin/ai-health": "role.superAdmin",
  "GET /admin/ai-prompts": "role.superAdmin",
  "GET /admin/ai-usage": "role.superAdmin",
  "GET /admin/applications/conversion": "role.superAdmin",
  "GET /admin/audit-logs": "role.superAdmin",
  "GET /admin/audit-logs/export": "role.superAdmin",
  "GET /admin/blocked-words": "role.superAdmin",
  "GET /admin/candidate-certificates/queue": "read.adminQueue",
  "GET /admin/companies": "role.superAdmin",
  "GET /admin/companies/:companyId": "role.superAdmin",
  "GET /admin/companies/:companyId/entitlements": "role.superAdmin",
  "GET /admin/corroboration/review-flags": "corroboration.adminFlags",
  "GET /admin/dashboard": "role.superAdmin",
  "GET /admin/data-requests": "role.superAdmin",
  "GET /admin/data-requests/:requestId": "role.superAdmin",
  "GET /admin/evidence-skill-disputes": "role.institutionAdmin",
  "GET /admin/feature-flag-overrides": "role.superAdmin",
  "GET /admin/feature-flags": "role.superAdmin",
  "GET /admin/flagged-organizations": "role.superAdmin",
  "GET /admin/grading-queue": "role.superAdmin",
  "GET /admin/institutions": "role.superAdmin",
  "GET /admin/institutions/:institutionId": "role.superAdmin",
  "GET /admin/institutions/:institutionId/admins": "role.superAdmin",
  "GET /admin/institutions/:institutionId/entitlements": "role.superAdmin",
  "GET /admin/institutions/:institutionId/students": "role.superAdmin",
  "GET /admin/integrity-queue": "role.superAdmin",
  "GET /admin/levels": "role.superAdmin",
  "GET /admin/levels/:levelId/cut-scores": "role.superAdmin",
  "GET /admin/levels/:levelId/items": "role.superAdmin",
  "GET /admin/partnerships/requests": "role.superAdmin",
  "GET /admin/partnerships/requests/:id": "role.superAdmin",
  "GET /admin/plans": "role.superAdmin",
  "GET /admin/platform-admins": "role.superAdmin",
  "GET /admin/platform-health": "role.superAdmin",
  "GET /admin/project-review-queue": "role.superAdmin",
  "GET /admin/project-review-queue/:projectId": "role.superAdmin",
  "GET /admin/reports/:reportId/conversation": "role.superAdmin",
  "GET /admin/sessions": "role.superAdmin",
  "GET /admin/skills/retake-policies": "role.superAdmin",
  "GET /admin/student-capabilities/review-queue": "role.superAdmin",
  "GET /admin/students/search": "role.superAdmin",
  "GET /admin/support/diagnostics/:userId": "role.superAdmin",
  "GET /admin/support/history": "role.superAdmin",
  "GET /admin/support/lookup": "role.superAdmin",
  "GET /admin/trust/appeals": "role.superAdmin",
  "GET /admin/trust/cases": "role.superAdmin",
  "GET /admin/trust/cases/:caseId": "role.superAdmin",
  "GET /admin/trust/reports": "role.superAdmin",
  "GET /admin/verification-events": "role.superAdmin",
  "GET /admin/verification-queue": "role.superAdmin",
  "GET /admin/verification-queue/:tenantId/review": "role.superAdmin",
  "GET /analytics/adverse-impact": "role.institutionAdmin",
  "GET /analytics/cohort-readiness": "role.institutionAdmin",
  "GET /analytics/correlation": "role.institutionAdmin",
  "GET /analytics/gap-report": "role.institutionAdmin",
  "GET /assessment/:attemptId/next-item": "role.student",
  "GET /assessment/:attemptId/session": "role.student",
  "GET /assessment/cert-verify/:sessionId": "assessment.skillClaim",
  "GET /assessment/sandbox/:jobId": "role.student",
  "GET /assessment/skill-claims": "assessment.skillClaim",
  "GET /assessment/skill-verify/:sessionId": "assessment.skillClaim",
  "GET /auth/company/account": "role.student",
  "GET /auth/institutions": "auth.invite",
  "GET /auth/invitations/:token": "auth.invite",
  "GET /blocks": "role.student",
  "GET /calibration/cut-scores/:trackCode": "role.institutionAdmin",
  "GET /candidate-certificates": "role.student",
  "GET /candidate-certificates/:id": "role.student",
  "GET /candidate-certificates/:id/verification/events": "role.student",
  "GET /catalog/career-domains": "role.public",
  "GET /catalog/readiness": "role.institutionAdmin",
  "GET /catalog/skills": "role.public",
  "GET /catalog/skills/:skillCode/blueprint": "role.public",
  "GET /catalog/skills/se-v1": "role.public",
  "GET /catalog/target-roles": "role.public",
  "GET /catalog/target-roles/:roleId/recommended-skills": "role.public",
  "GET /catalog/tracks": "role.public",
  "GET /catalog/tracks/:trackCode": "role.public",
  "GET /certificate-endorsements/:token": "verify.certificateEndorsement",
  "GET /certificates/:certificateId/pdf": "role.student",
  "GET /certificates/mine": "role.student",
  "GET /companies/:orgId": "role.public",
  "GET /conversations": "role.student",
  "GET /conversations/:id/messages": "role.student",
  "GET /corroboration/me": "corroboration.read",
  "GET /employer/applications/:id/notes": "role.student",
  "GET /employer/company": "role.student",
  "GET /employer/jobs/:id/applicants": "role.student",
  "GET /employer/members": "role.student",
  "GET /employer/reviews": "role.student",
  "GET /evaluation/cognitive-profile": "role.student",
  "GET /evaluation/results/:attemptId": "role.student",
  "GET /interviews/my-slots": "role.student",
  "GET /interviews/scorecards/:applicationId": "role.company",
  "GET /interviews/slots": "role.company",
  "GET /locations/search": "role.student",
  "GET /me/applications": "placement.application",
  "GET /me/applications/:applicationId/fit": "placement.application",
  "GET /me/notifications": "role.student",
  "GET /me/unread-count": "role.student",
  "GET /messages/search": "role.student",
  "GET /partnerships/requests/:id/decision": "auth.login",
  "GET /placement/applications/:applicationId/confidence": "placement.application",
  "GET /placement/candidates/:studentId/claims": "role.institutionAdmin",
  "GET /placement/candidates/:studentId/education": "role.institutionAdmin",
  "GET /placement/candidates/:studentId/evidence": "role.placementStaff",
  "GET /placement/candidates/:studentId/evidence/:evidenceId/versions": "role.placementStaff",
  "GET /placement/candidates/:studentId/evidence/:evidenceId/versions/:versionNumber": "role.placementStaff",
  "GET /placement/candidates/:studentId/skills": "role.institutionAdmin",
  "GET /placement/candidates/:studentId/skills/:skillCode/explanation": "role.institutionAdmin",
  "GET /placement/candidates/:studentId/skills/:skillCode/inspection": "placement.matchRunStatus",
  "GET /placement/employers": "role.placementStaff",
  "GET /placement/employers/:employerId": "role.placementStaff",
  "GET /placement/feedback/summary": "role.placementStaff",
  "GET /placement/match-runs/:id": "placement.matchRunStatus",
  "GET /placement/match-runs/:runId/candidates/:studentId": "placement.matchRunStatus",
  "GET /placement/openings": "role.placementStaff",
  "GET /placement/openings/:openingId": "role.placementStaff",
  "GET /placement/openings/:openingId/applications": "role.placementStaff",
  "GET /placement/outcomes": "role.placementStaff",
  "GET /placement/saved-candidates": "role.placementStaff",
  "GET /placement/students/search": "role.placementStaff",
  "GET /plans": "role.institutionAdmin",
  "GET /proctoring/:attemptId/blob": "proctoring.telemetry",
  "GET /proctoring/:attemptId/nonce": "proctoring.telemetry",
  "GET /proctoring/:attemptId/onboarding": "proctoring.media",
  "GET /proctoring/:attemptId/snapshot": "proctoring.telemetry",
  "GET /projects": "role.student",
  "GET /projects/:projectId": "role.student",
  "GET /projects/:projectId/defense/outcome": "evaluation.projectDefense",
  "GET /projects/github/repos": "projects.github",
  "GET /projects/github/status": "projects.github",
  "GET /public/candidates/:slug": "verify.publicProfile",
  "GET /public/company/onboarding/sessions/:sessionToken": "company.onboarding.read",
  "GET /public/partner-universities": "auth.login",
  "GET /signals/connections": "signals.connections.read",
  "GET /student/applications": "role.student",
  "GET /student/applications/:id": "role.student",
  "GET /student/entitlements": "role.student",
  "GET /student/growth-report": "role.student",
  "GET /student/institution/partnership-status": "role.student",
  "GET /student/jobs": "role.student",
  "GET /student/jobs/:id": "role.student",
  "GET /student/jobs/:id/application-preview": "role.student",
  "GET /student/saved-jobs": "role.student",
  "GET /tpo/batches": "role.institutionAdmin",
  "GET /tpo/batches/:batchId": "role.institutionAdmin",
  "GET /tpo/batches/:batchId/import-template": "role.institutionAdmin",
  "GET /tpo/batches/:batchId/members": "role.institutionAdmin",
  "GET /tpo/campuses": "role.institutionAdmin",
  "GET /tpo/entitlements": "role.institutionAdmin",
  "GET /tpo/shortlist": "role.placementStaff",
  "GET /tpo/shortlist/export": "role.placementStaff",
  "GET /tpo/staff": "role.institutionAdmin",
  "GET /tpo/students": "role.institutionAdmin",
  "GET /tpo/students/assigned-to-me": "role.institutionAdmin",
  "GET /users/me": "role.student",
  "GET /users/me/credentials": "role.student",
  "GET /users/me/dashboard": "role.student",
  "GET /users/me/data-requests": "role.student",
  "GET /users/me/data-requests/:requestId/download": "role.student",
  "GET /users/me/discoverability": "role.student",
  "GET /users/me/education": "role.student",
  "GET /users/me/education/:id": "role.student",
  "GET /users/me/evidence": "role.student",
  "GET /users/me/evidence-profile": "role.student",
  "GET /users/me/evidence/:evidenceId/versions": "role.student",
  "GET /users/me/evidence/:evidenceId/versions/:versionNumber": "role.student",
  "GET /users/me/evidence/:id": "role.student",
  "GET /users/me/languages": "role.student",
  "GET /users/me/languages/:id": "role.student",
  "GET /users/me/messaging": "role.student",
  "GET /users/me/onboarding": "role.student",
  "GET /users/me/onboarding/linkedin/oauth-url": "role.student",
  "GET /users/me/passive-signals": "role.student",
  "GET /users/me/personal": "role.student",
  "GET /users/me/profile-views-setting": "role.student",
  "GET /users/me/projects/:id/skill-mappings": "role.student",
  "GET /users/me/public-profile": "role.student",
  "GET /users/me/public-profile-link": "role.student",
  "GET /users/me/readiness": "role.student",
  "GET /users/me/resume": "role.student",
  "GET /users/me/skills/:skillCode/evidence-inference": "role.student",
  "GET /users/me/skills/:skillCode/level-explanation": "role.student",
  "GET /users/me/trust-notifications": "role.student",
  "GET /users/me/username": "role.student",
  "GET /users/me/visibility": "role.student",
  "GET /users/me/work-experiences": "role.student",
  "GET /users/me/work-experiences/:id": "role.student",
  "GET /users/me/work-experiences/:id/responsibilities": "role.student",
  "GET /users/me/work-experiences/ops-dashboard": "role.placementStaff",
  "GET /users/onboarding/linkedin/callback": "role.public",
  "GET /users/work-experiences/manager-survey/:token": "verify.workExperience",
  "GET /users/work-experiences/verify-token/:token": "verify.workExperience",
  "GET /verify/:certificateId": "verify.certificate",
  "PATCH /admin/companies/:companyId": "role.superAdmin",
  "PATCH /admin/institutions/:institutionId": "role.superAdmin",
  "PATCH /admin/items/:itemId": "role.superAdmin",
  "PATCH /admin/levels/:levelId": "role.superAdmin",
  "PATCH /admin/plans/:planId/capacity": "role.superAdmin",
  "PATCH /admin/plans/:planId/entitlements": "role.superAdmin",
  "PATCH /admin/plans/:planId/price": "role.superAdmin",
  "PATCH /admin/skills/:skillId/retake-policy": "role.superAdmin",
  "PATCH /candidate-certificates/:id": "role.student",
  "PATCH /certificates/:certificateId/visibility": "role.student",
  "PATCH /employer/company": "role.student",
  "PATCH /employer/members/:memberId": "role.student",
  "PATCH /me/notifications/:notificationId/read": "role.student",
  "PATCH /placement/applications/:applicationId/stage": "placement.application",
  "PATCH /placement/employers/:employerId": "placement.opening",
  "PATCH /public/company/onboarding/sessions/:sessionToken": "company.onboarding.draft",
  "PATCH /tpo/batches/:batchId": "role.institutionAdmin",
  "PATCH /tpo/campuses/:campusId": "role.institutionAdmin",
  "PATCH /tpo/institution/settings": "role.institutionAdmin",
  "PATCH /tpo/staff/:userId/campus": "role.institutionAdmin",
  "PATCH /tpo/staff/:userId/role": "role.institutionAdmin",
  "PATCH /users/me/evidence-profile/onboarding-selection": "role.student",
  "PATCH /users/me/evidence/:id": "role.student",
  "PATCH /users/me/personal": "role.student",
  "PATCH /users/me/projects/:id/skill-mappings": "role.student",
  "PATCH /users/me/work-experiences/:id/responsibilities": "role.student",
  "POST /admin/ai-models/toggle": "role.superAdmin",
  "POST /admin/api-keys": "role.superAdmin",
  "POST /admin/blocked-words": "role.superAdmin",
  "POST /admin/candidate-certificates/:id/approve": "write.adminAction",
  "POST /admin/candidate-certificates/:id/void": "role.superAdmin",
  "POST /admin/companies": "role.superAdmin",
  "POST /admin/companies/:companyId/deactivate": "role.superAdmin",
  "POST /admin/companies/:companyId/hold": "role.superAdmin",
  "POST /admin/companies/:companyId/release-hold": "role.superAdmin",
  "POST /admin/companies/:companyId/restore": "role.superAdmin",
  "POST /admin/corroboration/review-flags/:id/resolve": "corroboration.adminFlags",
  "POST /admin/data-requests/:requestId/complete": "role.superAdmin",
  "POST /admin/data-requests/:requestId/erase": "role.superAdmin",
  "POST /admin/data-requests/:requestId/reject": "role.superAdmin",
  "POST /admin/data-requests/:requestId/start-review": "role.superAdmin",
  "POST /admin/evidence-skill-disputes/:disputeId/resolve": "role.institutionAdmin",
  "POST /admin/institutions": "role.superAdmin",
  "POST /admin/institutions/:institutionId/admins": "role.superAdmin",
  "POST /admin/institutions/:institutionId/deactivate": "role.superAdmin",
  "POST /admin/institutions/:institutionId/hold": "role.superAdmin",
  "POST /admin/institutions/:institutionId/release-hold": "role.superAdmin",
  "POST /admin/institutions/:institutionId/restore": "role.superAdmin",
  "POST /admin/integrity-queue/:attemptId/resolve": "role.superAdmin",
  "POST /admin/integrity-queue/bulk-resolve": "role.superAdmin",
  "POST /admin/invitations/:invitationId/resend": "role.superAdmin",
  "POST /admin/levels": "role.superAdmin",
  "POST /admin/levels/:levelId/cut-scores": "role.superAdmin",
  "POST /admin/levels/:levelId/items": "role.superAdmin",
  "POST /admin/partnerships/requests/:id/decision": "role.superAdmin",
  "POST /admin/partnerships/requests/:id/provision": "role.superAdmin",
  "POST /admin/platform-admins": "role.superAdmin",
  "POST /admin/project-review-queue/:projectId/resolve": "role.superAdmin",
  "POST /admin/responses/:responseId/grade": "role.superAdmin",
  "POST /admin/sessions/:sessionId/revoke": "role.superAdmin",
  "POST /admin/student-capabilities/:capabilityId/correct": "role.superAdmin",
  "POST /admin/students/:userId/hold": "role.superAdmin",
  "POST /admin/students/:userId/profile": "role.superAdmin",
  "POST /admin/students/:userId/release-hold": "role.superAdmin",
  "POST /admin/support/grants": "role.superAdmin",
  "POST /admin/support/grants/:grantId/revoke": "role.superAdmin",
  "POST /admin/support/impersonate": "role.superAdmin",
  "POST /admin/support/session/end": "role.superAdmin",
  "POST /admin/trust/appeals/:appealId/resolve": "role.superAdmin",
  "POST /admin/trust/candidates/:candidateId/recalculate": "role.superAdmin",
  "POST /admin/trust/cases": "role.superAdmin",
  "POST /admin/trust/cases/:caseId/assign": "role.superAdmin",
  "POST /admin/trust/cases/:caseId/enforce": "role.superAdmin",
  "POST /admin/trust/enforcements/:enforcementId/reverse": "role.superAdmin",
  "POST /admin/trust/reports/:reportId/resolve": "role.superAdmin",
  "POST /admin/users/:userId/hold": "role.superAdmin",
  "POST /admin/users/:userId/release-hold": "role.superAdmin",
  "POST /admin/users/:userId/role": "role.superAdmin",
  "POST /admin/verification-events/:id/retry": "role.superAdmin",
  "POST /admin/verification-queue/:tenantId/resolve": "role.superAdmin",
  "POST /admin/verification-queue/bulk-resolve": "role.superAdmin",
  "POST /admin/webhooks": "role.institutionAdmin",
  "POST /admin/work-experience/:id/approve": "role.superAdmin",
  "POST /admin/work-experience/:id/void": "role.superAdmin",
  "POST /ai-gateway/complete": "role.superAdmin",
  "POST /assessment/candidate-certificates/:certificateId/verify/start": "evaluation.certAgenda",
  "POST /assessment/cert-verify/:sessionId/complete": "evaluation.certAgenda",
  "POST /assessment/cert-verify/:sessionId/save": "assessment.skillClaim",
  "POST /assessment/compile-l2": "assessment.compileL2",
  "POST /assessment/complete": "role.student",
  "POST /assessment/evaluate-l3-l4": "assessment.evaluateL3L4",
  "POST /assessment/integrity-event": "role.student",
  "POST /assessment/l3/upload-url": "role.student",
  "POST /assessment/next-form": "role.student",
  "POST /assessment/skill-claims": "assessment.skillClaim",
  "POST /assessment/skill-claims/:claimId/verify/start": "evaluation.skillInterview",
  "POST /assessment/skill-verify/:sessionId/complete": "evaluation.skillInterview",
  "POST /assessment/skill-verify/:sessionId/finalize-verification": "evaluation.skillInterview",
  "POST /assessment/skill-verify/:sessionId/interview/complete": "evaluation.skillInterview",
  "POST /assessment/skill-verify/:sessionId/interview/start": "evaluation.skillInterview",
  "POST /assessment/skill-verify/:sessionId/save": "assessment.skillClaim",
  "POST /assessment/start": "role.student",
  "POST /assessment/submit-l1": "assessment.submitL1",
  "POST /auth/invitations/:token/accept": "auth.invite",
  "POST /auth/login": "auth.login",
  "POST /auth/logout": "role.student",
  "POST /auth/password-reset/:token/confirm": "auth.invite",
  "POST /auth/password-reset/request": "auth.passwordResetRequest",
  "POST /auth/refresh": "auth.refresh",
  "POST /auth/register": "auth.register",
  "POST /auth/sso/callback": "auth.login",
  "POST /auth/sso/start": "auth.login",
  "POST /auth/verify-email/:token": "auth.invite",
  "POST /auth/verify-email/resend": "auth.verifyEmailResend",
  "POST /blocks": "role.student",
  "POST /calibration/cut-scores/publish": "role.superAdmin",
  "POST /calibration/estimates": "role.superAdmin",
  "POST /calibration/panels": "role.superAdmin",
  "POST /candidate-certificates": "role.student",
  "POST /candidate-certificates/:id/agenda": "role.student",
  "POST /candidate-certificates/:id/endorsement": "role.student",
  "POST /candidate-certificates/:id/skills": "role.student",
  "POST /candidate-certificates/:id/upload": "role.student",
  "POST /certificate-endorsements/:token": "verify.certificateEndorsement",
  "POST /certificates/issue": "certificate.issue",
  "POST /conversations": "role.student",
  "POST /conversations/:id/messages": "role.student",
  "POST /conversations/:id/read": "role.student",
  "POST /defense/reply": "assessment.evaluateL3L4",
  "POST /defense/start": "assessment.evaluateL3L4",
  "POST /employer/applications/:id/assignee": "role.student",
  "POST /employer/applications/:id/notes": "role.student",
  "POST /employer/applications/:id/outcome": "role.student",
  "POST /employer/applications/:id/transition": "role.student",
  "POST /employer/company/logo/upload": "role.student",
  "POST /employer/invitations": "auth.invite",
  "POST /employer/members/:memberId/deactivate": "role.student",
  "POST /employer/members/:memberId/reactivate": "role.student",
  "POST /evaluation/cert-agenda/generate": "evaluation.certAgenda",
  "POST /evaluation/cognitive-profile/refresh": "evaluation.cognitiveProfile",
  "POST /evaluation/skill-form/grade": "evaluation.skillInterview",
  "POST /evaluation/skill-form/questions": "evaluation.skillInterview",
  "POST /evaluation/skill-form/run-code": "evaluation.skillInterview",
  "POST /evaluation/skill-interview/grade": "evaluation.skillInterview",
  "POST /evaluation/skill-interview/questions": "evaluation.skillInterview",
  "POST /interviews/book": "role.student",
  "POST /interviews/scorecards": "role.company",
  "POST /interviews/slots": "role.company",
  "POST /me/company-reviews": "role.student",
  "POST /partnerships/requests": "auth.login",
  "POST /placement/applications": "placement.application",
  "POST /placement/applications/:applicationId/send-to-company": "placement.application",
  "POST /placement/candidates/:studentId/evidence/:evidenceId/review": "role.placementStaff",
  "POST /placement/employers": "placement.opening",
  "POST /placement/feedback/employer": "role.placementStaff",
  "POST /placement/feedback/student": "role.student",
  "POST /placement/ingest-jd": "placement.ingestJd",
  "POST /placement/match": "placement.match",
  "POST /placement/match-runs": "placement.matchRunCreate",
  "POST /placement/openings": "placement.opening",
  "POST /placement/openings/:openingId/parse-jd": "placement.ingestJd",
  "POST /placement/openings/documents/upload": "placement.opening",
  "POST /placement/openings/logo/upload": "placement.opening",
  "POST /placement/outcomes": "role.placementStaff",
  "POST /placement/saved-candidates": "role.placementStaff",
  "POST /proctoring/:attemptId/snapshot-upload-url": "proctoring.media",
  "POST /proctoring/calibrate-voice": "proctoring.media",
  "POST /proctoring/checkpoint": "proctoring.media",
  "POST /proctoring/consent": "proctoring.media",
  "POST /proctoring/enroll-face": "proctoring.media",
  "POST /proctoring/fingerprint": "proctoring.telemetry",
  "POST /proctoring/liveness": "proctoring.media",
  "POST /proctoring/ping": "proctoring.telemetry",
  "POST /proctoring/precheck": "proctoring.media",
  "POST /proctoring/violations": "proctoring.telemetry",
  "POST /projects": "projects.submit",
  "POST /projects/:projectId/defense/abandon": "evaluation.projectDefense",
  "POST /projects/:projectId/defense/appeal": "evaluation.projectDefense",
  "POST /projects/:projectId/defense/audio-upload-url": "evaluation.projectDefenseUpload",
  "POST /projects/:projectId/defense/complete": "evaluation.projectDefense",
  "POST /projects/:projectId/defense/prepare": "evaluation.projectDefense",
  "POST /projects/:projectId/defense/reply": "evaluation.projectDefense",
  "POST /projects/:projectId/defense/start": "evaluation.projectDefense",
  "POST /projects/:projectId/replace": "projects.submit",
  "POST /public/company/onboarding/sessions": "company.onboarding.start",
  "POST /public/company/onboarding/sessions/:sessionToken/documents": "company.onboarding.documentUpload",
  "POST /public/company/onboarding/sessions/:sessionToken/email/send": "company.onboarding.emailSend",
  "POST /public/company/onboarding/sessions/:sessionToken/email/verify": "company.onboarding.emailVerify",
  "POST /public/company/onboarding/sessions/:sessionToken/submit": "company.onboarding.submit",
  "POST /reports": "role.student",
  "POST /signals/connect/:sourceId": "signals.connect",
  "POST /signals/connect/GITHUB/repositories": "signals.connect",
  "POST /signals/refresh": "corroboration.refresh",
  "POST /student/applications/:id/withdraw": "role.student",
  "POST /student/connect-university": "role.student",
  "POST /student/jobs/:id/applications": "role.student",
  "POST /student/university-contact-requests": "role.student",
  "POST /tpo/batches": "role.institutionAdmin",
  "POST /tpo/batches/:batchId/invites/send": "role.institutionAdmin",
  "POST /tpo/batches/:batchId/members": "role.institutionAdmin",
  "POST /tpo/batches/:batchId/members/import": "tpo.import",
  "POST /tpo/campuses": "role.institutionAdmin",
  "POST /tpo/education/:id/confirm": "role.institutionAdmin",
  "POST /tpo/education/:id/reject": "role.institutionAdmin",
  "POST /tpo/invitations/:invitationId/resend": "role.institutionAdmin",
  "POST /tpo/invitations/:invitationId/revoke": "role.institutionAdmin",
  "POST /tpo/staff/:userId/deactivate": "role.institutionAdmin",
  "POST /tpo/staff/invitations": "role.institutionAdmin",
  "POST /tpo/students/:userId/hold": "role.institutionAdmin",
  "POST /tpo/students/:userId/invite-link": "role.institutionAdmin",
  "POST /tpo/students/:userId/release-hold": "role.institutionAdmin",
  "POST /trust/appeals": "role.student",
  "POST /trust/reports": "auth.login",
  "POST /users/me/credentials": "role.student",
  "POST /users/me/credentials/:id/document/upload": "role.student",
  "POST /users/me/data-requests": "role.student",
  "POST /users/me/deactivate": "role.student",
  "POST /users/me/education": "role.student",
  "POST /users/me/education/:id/documents": "role.student",
  "POST /users/me/evidence": "role.student",
  "POST /users/me/evidence-skill-disputes": "role.student",
  "POST /users/me/evidence/:id/link-claim": "role.student",
  "POST /users/me/evidence/associate-claim": "role.student",
  "POST /users/me/github/repo-readme": "projects.github",
  "POST /users/me/languages": "role.student",
  "POST /users/me/onboarding/complete": "role.student",
  "POST /users/me/onboarding/github/fetch-profile": "projects.github",
  "POST /users/me/onboarding/github/list-repos": "projects.github",
  "POST /users/me/onboarding/github/repo-languages": "projects.github",
  "POST /users/me/onboarding/reverse-geocode": "onboarding.geocode",
  "POST /users/me/password": "role.student",
  "POST /users/me/profile-photo": "role.student",
  "POST /users/me/public-profile-link/rotate": "role.student",
  "POST /users/me/resume": "role.student",
  "POST /users/me/resume/parse": "users.resumeParse",
  "POST /users/me/skill-claims/:claimId/associate-evidence": "role.student",
  "POST /users/me/trust-notifications/:id/read": "role.student",
  "POST /users/me/verification-decisions": "role.student",
  "POST /users/me/work-experiences": "role.student",
  "POST /users/me/work-experiences/:id/documents": "role.student",
  "POST /users/me/work-experiences/:id/documents/:documentId/validate": "role.student",
  "POST /users/me/work-experiences/:id/documents/upload": "role.student",
  "POST /users/me/work-experiences/:id/resend-manager-endorsement": "workExperience.resendReminder",
  "POST /users/me/work-experiences/:id/restart-verification": "role.student",
  "POST /users/me/work-experiences/:id/send-manager-endorsement": "role.student",
  "POST /users/me/work-experiences/:id/send-verification": "role.student",
  "POST /users/work-experiences/manager-survey/:token": "verify.workExperience",
  "POST /users/work-experiences/verify-token/:token": "verify.workExperience",
  "PUT /admin/companies/:companyId/feature-flags": "role.superAdmin",
  "PUT /admin/institutions/:institutionId/feature-flags": "role.superAdmin",
  "PUT /admin/rate-limits/:policyKey": "role.superAdmin",
  "PUT /conversations/:id/mute": "role.student",
  "PUT /employer/reviews/:reviewId/response": "role.student",
  "PUT /student/hidden-jobs/:jobId": "role.student",
  "PUT /student/saved-jobs/:jobId": "role.student",
  "PUT /users/me/discoverability": "role.student",
  "PUT /users/me/education/:id": "role.student",
  "PUT /users/me/languages/:id": "role.student",
  "PUT /users/me/messaging": "role.student",
  "PUT /users/me/onboarding": "role.student",
  "PUT /users/me/profile-views-setting": "role.student",
  "PUT /users/me/track": "role.student",
  "PUT /users/me/username": "role.student",
  "PUT /users/me/visibility": "role.student",
  "PUT /users/me/work-experiences/:id": "role.student",
}
`;
